// Jest Snapshot v1, https://goo.gl/fbAQLP

exports[`<CharacterDetails /> renders without crashing 1`] = `
<section
  id="characterDetails"
>
  <p
    className="characterDetailsName"
  >
    Luke Skywalker
  </p>
  <div
    className="characterDetailsDivisor"
  >
    <div
      className="characterDetailsLeft"
    >
      <p
        className="characterDetailsName"
      >
        Luke Skywalker
      </p>
      <img
        src="https://links.gunaxin.com/content/images/post_images/Luke_Skywalker_039_s_Original_039_Star_Wars_039_Lightsaber_Is_Going_Up_For_Auction_1544116268_4528.jpg"
      />
      <div
        className="characterHeight"
      >
        Height: 
        172
      </div>
      <div
        className="characterMass"
      >
        Weight: 
        77
      </div>
      <div
        className="characterMass"
      >
        Species: 
        Human
      </div>
      <div
        className="characterMass"
      >
         
        Tatooine
      </div>
    </div>
    <div
      className="characterDetailsRight"
    >
      <p
        className="starshipsTitle"
      >
        Piloted Starships
      </p>
      <ul />
    </div>
  </div>
</section>
`;
